// Jest Snapshot v1, https://goo.gl/fbAQLP

exports[`Testing components/skills/Skill Should render the component correctly 1`] = `
<section
  class="skills__section"
>
  <article
    class="skill__article ux-skill__article"
  >
    <h3
      class="title__h3"
    />
    <p
      class="description__p"
    />
    <div
      class="badges__div"
    >
      <img
        class="badge__img photoshop-badge__img"
        src="[object Object]"
      />
      <img
        class="badge__img illustrator-badge__img"
        src="[object Object]"
      />
      <img
        class="badge__img sketch-badge__img"
        src="[object Object]"
      />
      <img
        class="badge__img xd-badge__img"
        src="[object Object]"
      />
    </div>
  </article>
  <article
    class="skill__article frontend-skill__article"
  >
    <h3
      class="title__h3"
    />
    <p
      class="description__p"
    />
    <div
      class="badges__div"
    >
      <img
        class="badge__img css-badge__img"
        src="[object Object]"
      />
      <img
        class="badge__img html-badge__img"
        src="[object Object]"
      />
      <img
        class="badge__img vue-badge__img"
        src="[object Object]"
      />
      <img
        class="badge__img redux-badge__img"
        src="[object Object]"
      />
      <img
        class="badge__img react-badge__img"
        src="[object Object]"
      />
      <img
        class="badge__img jest-badge__img"
        src="[object Object]"
      />
      <img
        class="badge__img js-badge__img"
        src="[object Object]"
      />
    </div>
  </article>
  <article
    class="skill__article backend-skill__article"
  >
    <h3
      class="title__h3"
    />
    <p
      class="description__p"
    />
    <div
      class="badges__div"
    >
      <img
        class="node-badge__img"
        src="[object Object]"
      />
      <img
        class="badge__img express-badge__img"
        src="[object Object]"
      />
      <img
        class="badge__img csharp-badge__img"
        src="[object Object]"
      />
      <img
        class="badge__img firebase-badge__img"
        src="[object Object]"
      />
      <img
        class="badge__img firestore-badge__img"
        src="[object Object]"
      />
    </div>
  </article>
  <article
    class="skill__article infrastructure-skill__article"
  >
    <h3
      class="title__h3"
    />
    <p
      class="description__p"
    />
    <div
      class="badges__div"
    >
      <img
        class="badge__img kubernetes-badge__img"
        src="[object Object]"
      />
      <img
        class="badge__img docker-badge__img"
        src="[object Object]"
      />
      <img
        class="badge__img jenkins-badge__img"
        src="[object Object]"
      />
      <img
        class="badge__img gcp-badge__img"
        src="[object Object]"
      />
      <img
        class="badge__img linux-badge__img"
        src="[object Object]"
      />
    </div>
  </article>
</section>
`;
